V3 5
FL C:/Users/Ayoosh/Documents/GitHub/forbidden_architecture/MMU/Emma_ROM/tmp/./_cg/_dbg/rom64x38400.vhd 2014/04/11.19:45:32 O.40d
EN work/rom64x38400 1397263608 \
      FL C:/Users/Ayoosh/Documents/GitHub/forbidden_architecture/MMU/Emma_ROM/tmp/./_cg/_dbg/rom64x38400.vhd \
      PB ieee/std_logic_1164 1296775758 LB blk_mem_gen_v6_1 \
      EN blk_mem_gen_v6_1/blk_mem_gen_v6_1 1397263606
AR work/rom64x38400/virtex5 1397263609 \
      FL C:/Users/Ayoosh/Documents/GitHub/forbidden_architecture/MMU/Emma_ROM/tmp/./_cg/_dbg/rom64x38400.vhd \
      EN work/rom64x38400 1397263608 CP blk_mem_gen_v6_1
