AR blk_mem_gen_prim_wrapper_v4 xilinx C:/Users/Ayoosh/Documents/GitHub/forbidden_architecture/MMU/Emma_ROM/tmp/./_cg/_dbg/./blk_mem_gen_v6_1/blk_mem_gen_prim_wrapper_v4.vhd sub00/vhpl33 1397263575
AR blk_mem_gen_prim_wrapper_s3a_init xilinx C:/Users/Ayoosh/Documents/GitHub/forbidden_architecture/MMU/Emma_ROM/tmp/./_cg/_dbg/./blk_mem_gen_v6_1/blk_mem_gen_prim_wrapper_s3a_init.vhd sub00/vhpl23 1397263565
EN blk_mem_axi_read_fsm NULL C:/Users/Ayoosh/Documents/GitHub/forbidden_architecture/MMU/Emma_ROM/tmp/./_cg/_dbg/./blk_mem_gen_v6_1/blk_mem_axi_read_fsm.vhd sub00/vhpl52 1397263594
EN blk_mem_axi_write_fsm NULL C:/Users/Ayoosh/Documents/GitHub/forbidden_architecture/MMU/Emma_ROM/tmp/./_cg/_dbg/./blk_mem_gen_v6_1/blk_mem_axi_write_fsm.vhd sub00/vhpl56 1397263598
EN blk_mem_gen_prim_width NULL C:/Users/Ayoosh/Documents/GitHub/forbidden_architecture/MMU/Emma_ROM/tmp/./_cg/_dbg/./blk_mem_gen_v6_1/blk_mem_gen_prim_width.vhd sub00/vhpl40 1397263582
EN blk_mem_gen_mux NULL C:/Users/Ayoosh/Documents/GitHub/forbidden_architecture/MMU/Emma_ROM/tmp/./_cg/_dbg/./blk_mem_gen_v6_1/blk_mem_gen_mux.vhd sub00/vhpl10 1397263552
EN blk_mem_gen_v6_1_xst NULL C:/Users/Ayoosh/Documents/GitHub/forbidden_architecture/MMU/Emma_ROM/tmp/./_cg/_dbg/./blk_mem_gen_v6_1/blk_mem_gen_v6_1_xst.vhd sub00/vhpl62 1397263604
EN bindec NULL C:/Users/Ayoosh/Documents/GitHub/forbidden_architecture/MMU/Emma_ROM/tmp/./_cg/_dbg/./blk_mem_gen_v6_1/blk_mem_gen_bindec.vhd sub00/vhpl08 1397263550
PH blk_mem_gen_pkg NULL C:/Users/Ayoosh/Documents/GitHub/forbidden_architecture/MMU/Emma_ROM/tmp/./_cg/_dbg/./blk_mem_gen_v6_1/blk_mem_gen_v6_1_pkg.vhd sub00/vhpl02 1397263544
EN blk_mem_gen_prim_wrapper_s3a_init NULL C:/Users/Ayoosh/Documents/GitHub/forbidden_architecture/MMU/Emma_ROM/tmp/./_cg/_dbg/./blk_mem_gen_v6_1/blk_mem_gen_prim_wrapper_s3a_init.vhd sub00/vhpl22 1397263564
AR blk_mem_input_block xilinx C:/Users/Ayoosh/Documents/GitHub/forbidden_architecture/MMU/Emma_ROM/tmp/./_cg/_dbg/./blk_mem_gen_v6_1/blk_mem_input_block.vhd sub00/vhpl49 1397263591
AR blk_mem_gen_prim_width xilinx C:/Users/Ayoosh/Documents/GitHub/forbidden_architecture/MMU/Emma_ROM/tmp/./_cg/_dbg/./blk_mem_gen_v6_1/blk_mem_gen_prim_width.vhd sub00/vhpl41 1397263583
AR blk_mem_output_block xilinx C:/Users/Ayoosh/Documents/GitHub/forbidden_architecture/MMU/Emma_ROM/tmp/./_cg/_dbg/./blk_mem_gen_v6_1/blk_mem_output_block.vhd sub00/vhpl51 1397263593
EN blk_mem_gen_prim_wrapper_s3_init NULL C:/Users/Ayoosh/Documents/GitHub/forbidden_architecture/MMU/Emma_ROM/tmp/./_cg/_dbg/./blk_mem_gen_v6_1/blk_mem_gen_prim_wrapper_s3_init.vhd sub00/vhpl38 1397263580
AR blk_mem_gen_mux xilinx C:/Users/Ayoosh/Documents/GitHub/forbidden_architecture/MMU/Emma_ROM/tmp/./_cg/_dbg/./blk_mem_gen_v6_1/blk_mem_gen_mux.vhd sub00/vhpl11 1397263553
AR blk_mem_gen_prim_wrapper_v5_init xilinx C:/Users/Ayoosh/Documents/GitHub/forbidden_architecture/MMU/Emma_ROM/tmp/./_cg/_dbg/./blk_mem_gen_v6_1/blk_mem_gen_prim_wrapper_v5_init.vhd sub00/vhpl31 1397263573
AR blk_mem_gen_v6_1_xst xilinx C:/Users/Ayoosh/Documents/GitHub/forbidden_architecture/MMU/Emma_ROM/tmp/./_cg/_dbg/./blk_mem_gen_v6_1/blk_mem_gen_v6_1_xst.vhd sub00/vhpl63 1397263605
EN blk_mem_gen_prim_wrapper_s3a NULL C:/Users/Ayoosh/Documents/GitHub/forbidden_architecture/MMU/Emma_ROM/tmp/./_cg/_dbg/./blk_mem_gen_v6_1/blk_mem_gen_prim_wrapper_s3a.vhd sub00/vhpl20 1397263562
AR blk_mem_axi_read_wrapper blk_mem_axi_read_wrapper_arch C:/Users/Ayoosh/Documents/GitHub/forbidden_architecture/MMU/Emma_ROM/tmp/./_cg/_dbg/./blk_mem_gen_v6_1/blk_mem_axi_read_wrapper.vhd sub00/vhpl55 1397263597
EN blk_mem_gen_prim_wrapper_v4_init NULL C:/Users/Ayoosh/Documents/GitHub/forbidden_architecture/MMU/Emma_ROM/tmp/./_cg/_dbg/./blk_mem_gen_v6_1/blk_mem_gen_prim_wrapper_v4_init.vhd sub00/vhpl34 1397263576
AR blk_mem_axi_write_fsm axi_write_fsm_arch C:/Users/Ayoosh/Documents/GitHub/forbidden_architecture/MMU/Emma_ROM/tmp/./_cg/_dbg/./blk_mem_gen_v6_1/blk_mem_axi_write_fsm.vhd sub00/vhpl57 1397263599
AR blk_mem_gen_prim_wrapper_s3 xilinx C:/Users/Ayoosh/Documents/GitHub/forbidden_architecture/MMU/Emma_ROM/tmp/./_cg/_dbg/./blk_mem_gen_v6_1/blk_mem_gen_prim_wrapper_s3.vhd sub00/vhpl37 1397263579
EN blk_mem_gen_prim_wrapper_s3 NULL C:/Users/Ayoosh/Documents/GitHub/forbidden_architecture/MMU/Emma_ROM/tmp/./_cg/_dbg/./blk_mem_gen_v6_1/blk_mem_gen_prim_wrapper_s3.vhd sub00/vhpl36 1397263578
EN blk_mem_gen_prim_wrapper_s6 NULL C:/Users/Ayoosh/Documents/GitHub/forbidden_architecture/MMU/Emma_ROM/tmp/./_cg/_dbg/./blk_mem_gen_v6_1/blk_mem_gen_prim_wrapper_s6.vhd sub00/vhpl12 1397263554
EN blk_mem_input_block NULL C:/Users/Ayoosh/Documents/GitHub/forbidden_architecture/MMU/Emma_ROM/tmp/./_cg/_dbg/./blk_mem_gen_v6_1/blk_mem_input_block.vhd sub00/vhpl48 1397263590
EN blk_mem_gen_ecc_encoder NULL C:/Users/Ayoosh/Documents/GitHub/forbidden_architecture/MMU/Emma_ROM/tmp/./_cg/_dbg/./blk_mem_gen_v6_1/blk_mem_gen_ecc_encoder.vhd sub00/vhpl44 1397263586
AR blk_mem_gen_ecc_encoder xilinx C:/Users/Ayoosh/Documents/GitHub/forbidden_architecture/MMU/Emma_ROM/tmp/./_cg/_dbg/./blk_mem_gen_v6_1/blk_mem_gen_ecc_encoder.vhd sub00/vhpl45 1397263587
AR blk_mem_axi_read_fsm blk_mem_axi_read_fsm_arch C:/Users/Ayoosh/Documents/GitHub/forbidden_architecture/MMU/Emma_ROM/tmp/./_cg/_dbg/./blk_mem_gen_v6_1/blk_mem_axi_read_fsm.vhd sub00/vhpl53 1397263595
PH blk_mem_min_area_pkg NULL C:/Users/Ayoosh/Documents/GitHub/forbidden_architecture/MMU/Emma_ROM/tmp/./_cg/_dbg/./blk_mem_gen_v6_1/blk_mem_min_area_pkg.vhd sub00/vhpl06 1397263548
EN blk_mem_gen_prim_wrapper_v4 NULL C:/Users/Ayoosh/Documents/GitHub/forbidden_architecture/MMU/Emma_ROM/tmp/./_cg/_dbg/./blk_mem_gen_v6_1/blk_mem_gen_prim_wrapper_v4.vhd sub00/vhpl32 1397263574
EN blk_mem_gen_prim_wrapper_v5 NULL C:/Users/Ayoosh/Documents/GitHub/forbidden_architecture/MMU/Emma_ROM/tmp/./_cg/_dbg/./blk_mem_gen_v6_1/blk_mem_gen_prim_wrapper_v5.vhd sub00/vhpl28 1397263570
EN blk_mem_gen_prim_wrapper_v6 NULL C:/Users/Ayoosh/Documents/GitHub/forbidden_architecture/MMU/Emma_ROM/tmp/./_cg/_dbg/./blk_mem_gen_v6_1/blk_mem_gen_prim_wrapper_v6.vhd sub00/vhpl24 1397263566
EN blk_mem_gen_generic_cstr NULL C:/Users/Ayoosh/Documents/GitHub/forbidden_architecture/MMU/Emma_ROM/tmp/./_cg/_dbg/./blk_mem_gen_v6_1/blk_mem_gen_generic_cstr.vhd sub00/vhpl42 1397263584
EN blk_mem_gen_prim_wrapper_v5_init NULL C:/Users/Ayoosh/Documents/GitHub/forbidden_architecture/MMU/Emma_ROM/tmp/./_cg/_dbg/./blk_mem_gen_v6_1/blk_mem_gen_prim_wrapper_v5_init.vhd sub00/vhpl30 1397263572
PB blk_mem_min_area_pkg blk_mem_min_area_pkg C:/Users/Ayoosh/Documents/GitHub/forbidden_architecture/MMU/Emma_ROM/tmp/./_cg/_dbg/./blk_mem_gen_v6_1/blk_mem_min_area_pkg.vhd sub00/vhpl07 1397263549
PH blk_mem_gen_getinit_pkg NULL C:/Users/Ayoosh/Documents/GitHub/forbidden_architecture/MMU/Emma_ROM/tmp/./_cg/_dbg/./blk_mem_gen_v6_1/blk_mem_gen_getinit_pkg.vhd sub00/vhpl04 1397263546
AR blk_mem_gen_prim_wrapper_s3a xilinx C:/Users/Ayoosh/Documents/GitHub/forbidden_architecture/MMU/Emma_ROM/tmp/./_cg/_dbg/./blk_mem_gen_v6_1/blk_mem_gen_prim_wrapper_s3a.vhd sub00/vhpl21 1397263563
AR blk_mem_gen_prim_wrapper_v6_init xilinx C:/Users/Ayoosh/Documents/GitHub/forbidden_architecture/MMU/Emma_ROM/tmp/./_cg/_dbg/./blk_mem_gen_v6_1/blk_mem_gen_prim_wrapper_v6_init.vhd sub00/vhpl27 1397263569
AR blk_mem_gen_prim_wrapper_s6_init xilinx C:/Users/Ayoosh/Documents/GitHub/forbidden_architecture/MMU/Emma_ROM/tmp/./_cg/_dbg/./blk_mem_gen_v6_1/blk_mem_gen_prim_wrapper_s6_init.vhd sub00/vhpl15 1397263557
AR blk_mem_gen_prim_wrapper_v6 xilinx C:/Users/Ayoosh/Documents/GitHub/forbidden_architecture/MMU/Emma_ROM/tmp/./_cg/_dbg/./blk_mem_gen_v6_1/blk_mem_gen_prim_wrapper_v6.vhd sub00/vhpl25 1397263567
AR blk_mem_gen_prim_wrapper_s3_init xilinx C:/Users/Ayoosh/Documents/GitHub/forbidden_architecture/MMU/Emma_ROM/tmp/./_cg/_dbg/./blk_mem_gen_v6_1/blk_mem_gen_prim_wrapper_s3_init.vhd sub00/vhpl39 1397263581
PB blk_mem_gen_pkg blk_mem_gen_pkg C:/Users/Ayoosh/Documents/GitHub/forbidden_architecture/MMU/Emma_ROM/tmp/./_cg/_dbg/./blk_mem_gen_v6_1/blk_mem_gen_v6_1_pkg.vhd sub00/vhpl03 1397263545
AR blk_mem_gen_generic_cstr xilinx C:/Users/Ayoosh/Documents/GitHub/forbidden_architecture/MMU/Emma_ROM/tmp/./_cg/_dbg/./blk_mem_gen_v6_1/blk_mem_gen_generic_cstr.vhd sub00/vhpl43 1397263585
PB blk_mem_gen_getinit_pkg blk_mem_gen_getinit_pkg C:/Users/Ayoosh/Documents/GitHub/forbidden_architecture/MMU/Emma_ROM/tmp/./_cg/_dbg/./blk_mem_gen_v6_1/blk_mem_gen_getinit_pkg.vhd sub00/vhpl05 1397263547
EN blk_mem_gen_prim_wrapper_v6_init NULL C:/Users/Ayoosh/Documents/GitHub/forbidden_architecture/MMU/Emma_ROM/tmp/./_cg/_dbg/./blk_mem_gen_v6_1/blk_mem_gen_prim_wrapper_v6_init.vhd sub00/vhpl26 1397263568
AR blk_mem_gen_v6_1 xilinx C:/Users/Ayoosh/Documents/GitHub/forbidden_architecture/MMU/Emma_ROM/tmp/./_cg/_dbg/./blk_mem_gen_v6_1/blk_mem_gen_v6_1.vhd sub00/vhpl65 1397263607
EN blk_mem_gen_prim_wrapper_s3adsp NULL C:/Users/Ayoosh/Documents/GitHub/forbidden_architecture/MMU/Emma_ROM/tmp/./_cg/_dbg/./blk_mem_gen_v6_1/blk_mem_gen_prim_wrapper_s3adsp.vhd sub00/vhpl16 1397263558
AR blk_mem_gen_prim_wrapper_s6 xilinx C:/Users/Ayoosh/Documents/GitHub/forbidden_architecture/MMU/Emma_ROM/tmp/./_cg/_dbg/./blk_mem_gen_v6_1/blk_mem_gen_prim_wrapper_s6.vhd sub00/vhpl13 1397263555
EN blk_mem_gen_ecc_decoder NULL C:/Users/Ayoosh/Documents/GitHub/forbidden_architecture/MMU/Emma_ROM/tmp/./_cg/_dbg/./blk_mem_gen_v6_1/blk_mem_gen_ecc_decoder.vhd sub00/vhpl46 1397263588
EN blk_mem_output_block NULL C:/Users/Ayoosh/Documents/GitHub/forbidden_architecture/MMU/Emma_ROM/tmp/./_cg/_dbg/./blk_mem_gen_v6_1/blk_mem_output_block.vhd sub00/vhpl50 1397263592
EN blk_mem_gen_prim_wrapper_s3adsp_init NULL C:/Users/Ayoosh/Documents/GitHub/forbidden_architecture/MMU/Emma_ROM/tmp/./_cg/_dbg/./blk_mem_gen_v6_1/blk_mem_gen_prim_wrapper_s3adsp_init.vhd sub00/vhpl18 1397263560
AR blk_mem_gen_ecc_decoder xilinx C:/Users/Ayoosh/Documents/GitHub/forbidden_architecture/MMU/Emma_ROM/tmp/./_cg/_dbg/./blk_mem_gen_v6_1/blk_mem_gen_ecc_decoder.vhd sub00/vhpl47 1397263589
EN blk_mem_gen_v6_1 NULL C:/Users/Ayoosh/Documents/GitHub/forbidden_architecture/MMU/Emma_ROM/tmp/./_cg/_dbg/./blk_mem_gen_v6_1/blk_mem_gen_v6_1.vhd sub00/vhpl64 1397263606
AR bindec xilinx C:/Users/Ayoosh/Documents/GitHub/forbidden_architecture/MMU/Emma_ROM/tmp/./_cg/_dbg/./blk_mem_gen_v6_1/blk_mem_gen_bindec.vhd sub00/vhpl09 1397263551
EN blk_mem_gen_prim_wrapper_s6_init NULL C:/Users/Ayoosh/Documents/GitHub/forbidden_architecture/MMU/Emma_ROM/tmp/./_cg/_dbg/./blk_mem_gen_v6_1/blk_mem_gen_prim_wrapper_s6_init.vhd sub00/vhpl14 1397263556
EN blk_mem_gen_top NULL C:/Users/Ayoosh/Documents/GitHub/forbidden_architecture/MMU/Emma_ROM/tmp/./_cg/_dbg/./blk_mem_gen_v6_1/blk_mem_gen_top.vhd sub00/vhpl60 1397263602
AR blk_mem_axi_write_wrapper axi_write_wrap_arch C:/Users/Ayoosh/Documents/GitHub/forbidden_architecture/MMU/Emma_ROM/tmp/./_cg/_dbg/./blk_mem_gen_v6_1/blk_mem_axi_write_wrapper.vhd sub00/vhpl59 1397263601
AR blk_mem_gen_prim_wrapper_v5 xilinx C:/Users/Ayoosh/Documents/GitHub/forbidden_architecture/MMU/Emma_ROM/tmp/./_cg/_dbg/./blk_mem_gen_v6_1/blk_mem_gen_prim_wrapper_v5.vhd sub00/vhpl29 1397263571
AR blk_mem_gen_prim_wrapper_s3adsp xilinx C:/Users/Ayoosh/Documents/GitHub/forbidden_architecture/MMU/Emma_ROM/tmp/./_cg/_dbg/./blk_mem_gen_v6_1/blk_mem_gen_prim_wrapper_s3adsp.vhd sub00/vhpl17 1397263559
AR blk_mem_gen_top xilinx C:/Users/Ayoosh/Documents/GitHub/forbidden_architecture/MMU/Emma_ROM/tmp/./_cg/_dbg/./blk_mem_gen_v6_1/blk_mem_gen_top.vhd sub00/vhpl61 1397263603
EN blk_mem_axi_read_wrapper NULL C:/Users/Ayoosh/Documents/GitHub/forbidden_architecture/MMU/Emma_ROM/tmp/./_cg/_dbg/./blk_mem_gen_v6_1/blk_mem_axi_read_wrapper.vhd sub00/vhpl54 1397263596
EN blk_mem_axi_write_wrapper NULL C:/Users/Ayoosh/Documents/GitHub/forbidden_architecture/MMU/Emma_ROM/tmp/./_cg/_dbg/./blk_mem_gen_v6_1/blk_mem_axi_write_wrapper.vhd sub00/vhpl58 1397263600
AR blk_mem_gen_prim_wrapper_v4_init xilinx C:/Users/Ayoosh/Documents/GitHub/forbidden_architecture/MMU/Emma_ROM/tmp/./_cg/_dbg/./blk_mem_gen_v6_1/blk_mem_gen_prim_wrapper_v4_init.vhd sub00/vhpl35 1397263577
PH blk_mem_gen_v6_1_defaults NULL C:/Users/Ayoosh/Documents/GitHub/forbidden_architecture/MMU/Emma_ROM/tmp/./_cg/_dbg/./blk_mem_gen_v6_1/blk_mem_gen_v6_1_defaults.vhd sub00/vhpl01 1397263543
PH blk_mem_gen_v6_1_xst_comp NULL C:/Users/Ayoosh/Documents/GitHub/forbidden_architecture/MMU/Emma_ROM/tmp/./_cg/_dbg/./blk_mem_gen_v6_1/blk_mem_gen_v6_1_xst_comp.vhd sub00/vhpl00 1397263542
AR blk_mem_gen_prim_wrapper_s3adsp_init xilinx C:/Users/Ayoosh/Documents/GitHub/forbidden_architecture/MMU/Emma_ROM/tmp/./_cg/_dbg/./blk_mem_gen_v6_1/blk_mem_gen_prim_wrapper_s3adsp_init.vhd sub00/vhpl19 1397263561
