V3 170
FL C:/Users/Ayoosh/Documents/GitHub/forbidden_architecture/MMU/Emma_ROM/tmp/./_cg/_dbg/./blk_mem_gen_v6_1/blk_mem_axi_read_fsm.vhd 2014/04/11.19:45:32 O.40d
EN blk_mem_gen_v6_1/blk_mem_axi_read_fsm 1397263594 \
      FL C:/Users/Ayoosh/Documents/GitHub/forbidden_architecture/MMU/Emma_ROM/tmp/./_cg/_dbg/./blk_mem_gen_v6_1/blk_mem_axi_read_fsm.vhd \
      PB ieee/std_logic_1164 1296775758 PB ieee/std_logic_arith 1296775759 \
      PB ieee/STD_LOGIC_UNSIGNED 1296775760 PB ieee/std_logic_misc 1296775759 \
      LB blk_mem_gen_v6_1 PB blk_mem_gen_v6_1/blk_mem_gen_pkg 1397263545
AR blk_mem_gen_v6_1/blk_mem_axi_read_fsm/blk_mem_axi_read_fsm_arch 1397263595 \
      FL C:/Users/Ayoosh/Documents/GitHub/forbidden_architecture/MMU/Emma_ROM/tmp/./_cg/_dbg/./blk_mem_gen_v6_1/blk_mem_axi_read_fsm.vhd \
      EN blk_mem_gen_v6_1/blk_mem_axi_read_fsm 1397263594 CP STD_LOGIC \
      CP STD_LOGIC_VECTOR
FL C:/Users/Ayoosh/Documents/GitHub/forbidden_architecture/MMU/Emma_ROM/tmp/./_cg/_dbg/./blk_mem_gen_v6_1/blk_mem_axi_read_wrapper.vhd 2014/04/11.19:45:32 O.40d
EN blk_mem_gen_v6_1/blk_mem_axi_read_wrapper 1397263596 \
      FL C:/Users/Ayoosh/Documents/GitHub/forbidden_architecture/MMU/Emma_ROM/tmp/./_cg/_dbg/./blk_mem_gen_v6_1/blk_mem_axi_read_wrapper.vhd \
      PB ieee/std_logic_1164 1296775758 PB ieee/std_logic_arith 1296775759 \
      PB ieee/STD_LOGIC_UNSIGNED 1296775760 PB ieee/std_logic_misc 1296775759 \
      LB blk_mem_gen_v6_1 PB blk_mem_gen_v6_1/blk_mem_gen_pkg 1397263545
AR blk_mem_gen_v6_1/blk_mem_axi_read_wrapper/blk_mem_axi_read_wrapper_arch 1397263597 \
      FL C:/Users/Ayoosh/Documents/GitHub/forbidden_architecture/MMU/Emma_ROM/tmp/./_cg/_dbg/./blk_mem_gen_v6_1/blk_mem_axi_read_wrapper.vhd \
      EN blk_mem_gen_v6_1/blk_mem_axi_read_wrapper 1397263596 \
      CP blk_mem_gen_v6_1/blk_mem_axi_read_fsm CP STD_LOGIC_VECTOR CP integer \
      CP STD_LOGIC
FL C:/Users/Ayoosh/Documents/GitHub/forbidden_architecture/MMU/Emma_ROM/tmp/./_cg/_dbg/./blk_mem_gen_v6_1/blk_mem_axi_write_fsm.vhd 2014/04/11.19:45:32 O.40d
EN blk_mem_gen_v6_1/blk_mem_axi_write_fsm 1397263598 \
      FL C:/Users/Ayoosh/Documents/GitHub/forbidden_architecture/MMU/Emma_ROM/tmp/./_cg/_dbg/./blk_mem_gen_v6_1/blk_mem_axi_write_fsm.vhd \
      PB ieee/std_logic_1164 1296775758 PB ieee/std_logic_arith 1296775759 \
      PB ieee/STD_LOGIC_UNSIGNED 1296775760 LB blk_mem_gen_v6_1 \
      PB blk_mem_gen_v6_1/blk_mem_gen_pkg 1397263545
AR blk_mem_gen_v6_1/blk_mem_axi_write_fsm/axi_write_fsm_arch 1397263599 \
      FL C:/Users/Ayoosh/Documents/GitHub/forbidden_architecture/MMU/Emma_ROM/tmp/./_cg/_dbg/./blk_mem_gen_v6_1/blk_mem_axi_write_fsm.vhd \
      EN blk_mem_gen_v6_1/blk_mem_axi_write_fsm 1397263598
FL C:/Users/Ayoosh/Documents/GitHub/forbidden_architecture/MMU/Emma_ROM/tmp/./_cg/_dbg/./blk_mem_gen_v6_1/blk_mem_axi_write_wrapper.vhd 2014/04/11.19:45:32 O.40d
EN blk_mem_gen_v6_1/blk_mem_axi_write_wrapper 1397263600 \
      FL C:/Users/Ayoosh/Documents/GitHub/forbidden_architecture/MMU/Emma_ROM/tmp/./_cg/_dbg/./blk_mem_gen_v6_1/blk_mem_axi_write_wrapper.vhd \
      PB ieee/std_logic_1164 1296775758 PB ieee/std_logic_arith 1296775759 \
      PB ieee/STD_LOGIC_UNSIGNED 1296775760 LB blk_mem_gen_v6_1 \
      PB blk_mem_gen_v6_1/blk_mem_gen_pkg 1397263545
AR blk_mem_gen_v6_1/blk_mem_axi_write_wrapper/axi_write_wrap_arch 1397263601 \
      FL C:/Users/Ayoosh/Documents/GitHub/forbidden_architecture/MMU/Emma_ROM/tmp/./_cg/_dbg/./blk_mem_gen_v6_1/blk_mem_axi_write_wrapper.vhd \
      EN blk_mem_gen_v6_1/blk_mem_axi_write_wrapper 1397263600 \
      CP blk_mem_axi_write_fsm CP integer CP STD_LOGIC_VECTOR CP STD_LOGIC
FL C:/Users/Ayoosh/Documents/GitHub/forbidden_architecture/MMU/Emma_ROM/tmp/./_cg/_dbg/./blk_mem_gen_v6_1/blk_mem_gen_bindec.vhd 2014/04/11.19:45:31 O.40d
EN blk_mem_gen_v6_1/bindec 1397263550 \
      FL C:/Users/Ayoosh/Documents/GitHub/forbidden_architecture/MMU/Emma_ROM/tmp/./_cg/_dbg/./blk_mem_gen_v6_1/blk_mem_gen_bindec.vhd \
      PB ieee/std_logic_1164 1296775758 PB ieee/std_logic_arith 1296775759 \
      PB ieee/STD_LOGIC_UNSIGNED 1296775760 LB blk_mem_gen_v6_1 \
      PH blk_mem_gen_v6_1/blk_mem_gen_v6_1_defaults 1397263543 \
      PB blk_mem_gen_v6_1/blk_mem_gen_pkg 1397263545
AR blk_mem_gen_v6_1/bindec/xilinx 1397263551 \
      FL C:/Users/Ayoosh/Documents/GitHub/forbidden_architecture/MMU/Emma_ROM/tmp/./_cg/_dbg/./blk_mem_gen_v6_1/blk_mem_gen_bindec.vhd \
      EN blk_mem_gen_v6_1/bindec 1397263550
FL C:/Users/Ayoosh/Documents/GitHub/forbidden_architecture/MMU/Emma_ROM/tmp/./_cg/_dbg/./blk_mem_gen_v6_1/blk_mem_gen_ecc_decoder.vhd 2014/04/11.19:45:32 O.40d
EN blk_mem_gen_v6_1/blk_mem_gen_ecc_decoder 1397263588 \
      FL C:/Users/Ayoosh/Documents/GitHub/forbidden_architecture/MMU/Emma_ROM/tmp/./_cg/_dbg/./blk_mem_gen_v6_1/blk_mem_gen_ecc_decoder.vhd \
      PB ieee/std_logic_1164 1296775758 PB ieee/std_logic_arith 1296775759 \
      PB ieee/STD_LOGIC_UNSIGNED 1296775760 LB blk_mem_gen_v6_1 \
      PH blk_mem_gen_v6_1/blk_mem_gen_v6_1_defaults 1397263543 \
      PB blk_mem_gen_v6_1/blk_mem_gen_pkg 1397263545
AR blk_mem_gen_v6_1/blk_mem_gen_ecc_decoder/xilinx 1397263589 \
      FL C:/Users/Ayoosh/Documents/GitHub/forbidden_architecture/MMU/Emma_ROM/tmp/./_cg/_dbg/./blk_mem_gen_v6_1/blk_mem_gen_ecc_decoder.vhd \
      EN blk_mem_gen_v6_1/blk_mem_gen_ecc_decoder 1397263588
FL C:/Users/Ayoosh/Documents/GitHub/forbidden_architecture/MMU/Emma_ROM/tmp/./_cg/_dbg/./blk_mem_gen_v6_1/blk_mem_gen_ecc_encoder.vhd 2014/04/11.19:45:32 O.40d
EN blk_mem_gen_v6_1/blk_mem_gen_ecc_encoder 1397263586 \
      FL C:/Users/Ayoosh/Documents/GitHub/forbidden_architecture/MMU/Emma_ROM/tmp/./_cg/_dbg/./blk_mem_gen_v6_1/blk_mem_gen_ecc_encoder.vhd \
      PB ieee/std_logic_1164 1296775758 PB ieee/std_logic_arith 1296775759 \
      PB ieee/STD_LOGIC_UNSIGNED 1296775760 LB blk_mem_gen_v6_1 \
      PH blk_mem_gen_v6_1/blk_mem_gen_v6_1_defaults 1397263543 \
      PB blk_mem_gen_v6_1/blk_mem_gen_pkg 1397263545
AR blk_mem_gen_v6_1/blk_mem_gen_ecc_encoder/xilinx 1397263587 \
      FL C:/Users/Ayoosh/Documents/GitHub/forbidden_architecture/MMU/Emma_ROM/tmp/./_cg/_dbg/./blk_mem_gen_v6_1/blk_mem_gen_ecc_encoder.vhd \
      EN blk_mem_gen_v6_1/blk_mem_gen_ecc_encoder 1397263586
FL C:/Users/Ayoosh/Documents/GitHub/forbidden_architecture/MMU/Emma_ROM/tmp/./_cg/_dbg/./blk_mem_gen_v6_1/blk_mem_gen_generic_cstr.vhd 2014/04/11.19:45:32 O.40d
EN blk_mem_gen_v6_1/blk_mem_gen_generic_cstr 1397263584 \
      FL C:/Users/Ayoosh/Documents/GitHub/forbidden_architecture/MMU/Emma_ROM/tmp/./_cg/_dbg/./blk_mem_gen_v6_1/blk_mem_gen_generic_cstr.vhd \
      PB ieee/std_logic_1164 1296775758 PB ieee/std_logic_arith 1296775759 \
      PB ieee/STD_LOGIC_UNSIGNED 1296775760 PB ieee/std_logic_misc 1296775759 \
      LB STD PB std/TEXTIO 1296775758 LB blk_mem_gen_v6_1 \
      PH blk_mem_gen_v6_1/blk_mem_gen_v6_1_defaults 1397263543 \
      PB blk_mem_gen_v6_1/blk_mem_gen_pkg 1397263545
AR blk_mem_gen_v6_1/blk_mem_gen_generic_cstr/xilinx 1397263585 \
      FL C:/Users/Ayoosh/Documents/GitHub/forbidden_architecture/MMU/Emma_ROM/tmp/./_cg/_dbg/./blk_mem_gen_v6_1/blk_mem_gen_generic_cstr.vhd \
      EN blk_mem_gen_v6_1/blk_mem_gen_generic_cstr 1397263584 \
      CP blk_mem_gen_v6_1/bindec CP blk_mem_gen_v6_1/blk_mem_gen_prim_width \
      CP blk_mem_gen_v6_1/blk_mem_gen_mux
FL C:/Users/Ayoosh/Documents/GitHub/forbidden_architecture/MMU/Emma_ROM/tmp/./_cg/_dbg/./blk_mem_gen_v6_1/blk_mem_gen_getinit_pkg.vhd 2014/04/11.19:45:31 O.40d
PH blk_mem_gen_v6_1/blk_mem_gen_getinit_pkg 1397263546 \
      FL C:/Users/Ayoosh/Documents/GitHub/forbidden_architecture/MMU/Emma_ROM/tmp/./_cg/_dbg/./blk_mem_gen_v6_1/blk_mem_gen_getinit_pkg.vhd \
      PB ieee/std_logic_1164 1296775758 PB ieee/NUMERIC_STD 1296775759 LB STD \
      PB std/TEXTIO 1296775758 LB blk_mem_gen_v6_1 \
      PH blk_mem_gen_v6_1/blk_mem_gen_v6_1_defaults 1397263543 \
      PB blk_mem_gen_v6_1/blk_mem_gen_pkg 1397263545
PB blk_mem_gen_v6_1/blk_mem_gen_getinit_pkg 1397263547 \
      FL C:/Users/Ayoosh/Documents/GitHub/forbidden_architecture/MMU/Emma_ROM/tmp/./_cg/_dbg/./blk_mem_gen_v6_1/blk_mem_gen_getinit_pkg.vhd \
      PH blk_mem_gen_v6_1/blk_mem_gen_getinit_pkg 1397263546
FL C:/Users/Ayoosh/Documents/GitHub/forbidden_architecture/MMU/Emma_ROM/tmp/./_cg/_dbg/./blk_mem_gen_v6_1/blk_mem_gen_mux.vhd 2014/04/11.19:45:31 O.40d
EN blk_mem_gen_v6_1/blk_mem_gen_mux 1397263552 \
      FL C:/Users/Ayoosh/Documents/GitHub/forbidden_architecture/MMU/Emma_ROM/tmp/./_cg/_dbg/./blk_mem_gen_v6_1/blk_mem_gen_mux.vhd \
      PB ieee/std_logic_1164 1296775758 PB ieee/std_logic_arith 1296775759 \
      PB ieee/STD_LOGIC_UNSIGNED 1296775760 PB ieee/std_logic_misc 1296775759 \
      LB STD PB std/TEXTIO 1296775758 LB blk_mem_gen_v6_1 \
      PH blk_mem_gen_v6_1/blk_mem_gen_v6_1_defaults 1397263543 \
      PB blk_mem_gen_v6_1/blk_mem_gen_pkg 1397263545
AR blk_mem_gen_v6_1/blk_mem_gen_mux/xilinx 1397263553 \
      FL C:/Users/Ayoosh/Documents/GitHub/forbidden_architecture/MMU/Emma_ROM/tmp/./_cg/_dbg/./blk_mem_gen_v6_1/blk_mem_gen_mux.vhd \
      EN blk_mem_gen_v6_1/blk_mem_gen_mux 1397263552 CP STD_LOGIC_VECTOR \
      CP integer CP pipe_array CP SIGNAL CP addr_pipe_array
FL C:/Users/Ayoosh/Documents/GitHub/forbidden_architecture/MMU/Emma_ROM/tmp/./_cg/_dbg/./blk_mem_gen_v6_1/blk_mem_gen_prim_width.vhd 2014/04/11.19:45:32 O.40d
EN blk_mem_gen_v6_1/blk_mem_gen_prim_width 1397263582 \
      FL C:/Users/Ayoosh/Documents/GitHub/forbidden_architecture/MMU/Emma_ROM/tmp/./_cg/_dbg/./blk_mem_gen_v6_1/blk_mem_gen_prim_width.vhd \
      PB ieee/std_logic_1164 1296775758 LB STD PB std/TEXTIO 1296775758 \
      LB blk_mem_gen_v6_1 PH blk_mem_gen_v6_1/blk_mem_gen_v6_1_defaults 1397263543 \
      PB blk_mem_gen_v6_1/blk_mem_gen_pkg 1397263545
AR blk_mem_gen_v6_1/blk_mem_gen_prim_width/xilinx 1397263583 \
      FL C:/Users/Ayoosh/Documents/GitHub/forbidden_architecture/MMU/Emma_ROM/tmp/./_cg/_dbg/./blk_mem_gen_v6_1/blk_mem_gen_prim_width.vhd \
      EN blk_mem_gen_v6_1/blk_mem_gen_prim_width 1397263582 \
      CP blk_mem_gen_v6_1/blk_mem_gen_prim_wrapper_v6 \
      CP blk_mem_gen_v6_1/blk_mem_gen_prim_wrapper_v6_init \
      CP blk_mem_gen_v6_1/blk_mem_gen_prim_wrapper_v5 \
      CP blk_mem_gen_v6_1/blk_mem_gen_prim_wrapper_v5_init \
      CP blk_mem_gen_v6_1/blk_mem_gen_prim_wrapper_v4 \
      CP blk_mem_gen_v6_1/blk_mem_gen_prim_wrapper_v4_init \
      CP blk_mem_gen_v6_1/blk_mem_gen_prim_wrapper_s6 \
      CP blk_mem_gen_v6_1/blk_mem_gen_prim_wrapper_s6_init \
      CP blk_mem_gen_v6_1/blk_mem_gen_prim_wrapper_s3adsp \
      CP blk_mem_gen_v6_1/blk_mem_gen_prim_wrapper_s3adsp_init \
      CP blk_mem_gen_v6_1/blk_mem_gen_prim_wrapper_s3a \
      CP blk_mem_gen_v6_1/blk_mem_gen_prim_wrapper_s3a_init \
      CP blk_mem_gen_v6_1/blk_mem_gen_prim_wrapper_s3 \
      CP blk_mem_gen_v6_1/blk_mem_gen_prim_wrapper_s3_init \
      PB ieee/STD_LOGIC_TEXTIO 1296775759
FL C:/Users/Ayoosh/Documents/GitHub/forbidden_architecture/MMU/Emma_ROM/tmp/./_cg/_dbg/./blk_mem_gen_v6_1/blk_mem_gen_prim_wrapper_s3.vhd 2014/04/11.19:45:32 O.40d
EN blk_mem_gen_v6_1/blk_mem_gen_prim_wrapper_s3 1397263578 \
      FL C:/Users/Ayoosh/Documents/GitHub/forbidden_architecture/MMU/Emma_ROM/tmp/./_cg/_dbg/./blk_mem_gen_v6_1/blk_mem_gen_prim_wrapper_s3.vhd \
      PB ieee/std_logic_1164 1296775758 PB ieee/STD_LOGIC_UNSIGNED 1296775760 \
      PB ieee/std_logic_arith 1296775759 PB std/TEXTIO 1296775758 \
      LB blk_mem_gen_v6_1 LB UNISIM PH unisim/VCOMPONENTS 1296775759 \
      PH blk_mem_gen_v6_1/blk_mem_gen_v6_1_defaults 1397263543 \
      PB blk_mem_gen_v6_1/blk_mem_gen_pkg 1397263545 \
      PB blk_mem_gen_v6_1/blk_mem_gen_getinit_pkg 1397263547
AR blk_mem_gen_v6_1/blk_mem_gen_prim_wrapper_s3/xilinx 1397263579 \
      FL C:/Users/Ayoosh/Documents/GitHub/forbidden_architecture/MMU/Emma_ROM/tmp/./_cg/_dbg/./blk_mem_gen_v6_1/blk_mem_gen_prim_wrapper_s3.vhd \
      EN blk_mem_gen_v6_1/blk_mem_gen_prim_wrapper_s3 1397263578 CP RAMB16_S1_S1 \
      CP RAMB16_S1_S2 CP RAMB16_S1_S4 CP RAMB16_S1_S9 CP RAMB16_S1_S18 \
      CP RAMB16_S1_S36 CP RAMB16_S2_S2 CP RAMB16_S2_S4 CP RAMB16_S2_S9 \
      CP RAMB16_S2_S18 CP RAMB16_S2_S36 CP RAMB16_S4_S4 CP RAMB16_S4_S9 \
      CP RAMB16_S4_S18 CP RAMB16_S4_S36 CP RAMB16_S9_S9 CP RAMB16_S9_S18 \
      CP RAMB16_S9_S36 CP RAMB16_S18_S18 CP RAMB16_S18_S36 CP RAMB16_S36_S36 \
      PB ieee/STD_LOGIC_TEXTIO 1296775759
FL C:/Users/Ayoosh/Documents/GitHub/forbidden_architecture/MMU/Emma_ROM/tmp/./_cg/_dbg/./blk_mem_gen_v6_1/blk_mem_gen_prim_wrapper_s3a.vhd 2014/04/11.19:45:31 O.40d
EN blk_mem_gen_v6_1/blk_mem_gen_prim_wrapper_s3a 1397263562 \
      FL C:/Users/Ayoosh/Documents/GitHub/forbidden_architecture/MMU/Emma_ROM/tmp/./_cg/_dbg/./blk_mem_gen_v6_1/blk_mem_gen_prim_wrapper_s3a.vhd \
      PB ieee/std_logic_1164 1296775758 PB ieee/STD_LOGIC_UNSIGNED 1296775760 \
      PB ieee/std_logic_arith 1296775759 PB std/TEXTIO 1296775758 \
      LB blk_mem_gen_v6_1 LB UNISIM PH unisim/VCOMPONENTS 1296775759 \
      PH blk_mem_gen_v6_1/blk_mem_gen_v6_1_defaults 1397263543 \
      PB blk_mem_gen_v6_1/blk_mem_gen_pkg 1397263545 \
      PB blk_mem_gen_v6_1/blk_mem_gen_getinit_pkg 1397263547
AR blk_mem_gen_v6_1/blk_mem_gen_prim_wrapper_s3a/xilinx 1397263563 \
      FL C:/Users/Ayoosh/Documents/GitHub/forbidden_architecture/MMU/Emma_ROM/tmp/./_cg/_dbg/./blk_mem_gen_v6_1/blk_mem_gen_prim_wrapper_s3a.vhd \
      EN blk_mem_gen_v6_1/blk_mem_gen_prim_wrapper_s3a 1397263562 CP RAMB16BWE \
      PB ieee/STD_LOGIC_TEXTIO 1296775759
FL C:/Users/Ayoosh/Documents/GitHub/forbidden_architecture/MMU/Emma_ROM/tmp/./_cg/_dbg/./blk_mem_gen_v6_1/blk_mem_gen_prim_wrapper_s3adsp.vhd 2014/04/11.19:45:31 O.40d
EN blk_mem_gen_v6_1/blk_mem_gen_prim_wrapper_s3adsp 1397263558 \
      FL C:/Users/Ayoosh/Documents/GitHub/forbidden_architecture/MMU/Emma_ROM/tmp/./_cg/_dbg/./blk_mem_gen_v6_1/blk_mem_gen_prim_wrapper_s3adsp.vhd \
      PB ieee/std_logic_1164 1296775758 PB ieee/STD_LOGIC_UNSIGNED 1296775760 \
      PB ieee/std_logic_arith 1296775759 PB std/TEXTIO 1296775758 \
      LB blk_mem_gen_v6_1 LB UNISIM PH unisim/VCOMPONENTS 1296775759 \
      PH blk_mem_gen_v6_1/blk_mem_gen_v6_1_defaults 1397263543 \
      PB blk_mem_gen_v6_1/blk_mem_gen_pkg 1397263545 \
      PB blk_mem_gen_v6_1/blk_mem_gen_getinit_pkg 1397263547
AR blk_mem_gen_v6_1/blk_mem_gen_prim_wrapper_s3adsp/xilinx 1397263559 \
      FL C:/Users/Ayoosh/Documents/GitHub/forbidden_architecture/MMU/Emma_ROM/tmp/./_cg/_dbg/./blk_mem_gen_v6_1/blk_mem_gen_prim_wrapper_s3adsp.vhd \
      EN blk_mem_gen_v6_1/blk_mem_gen_prim_wrapper_s3adsp 1397263558 \
      CP RAMB16BWER PB ieee/STD_LOGIC_TEXTIO 1296775759
FL C:/Users/Ayoosh/Documents/GitHub/forbidden_architecture/MMU/Emma_ROM/tmp/./_cg/_dbg/./blk_mem_gen_v6_1/blk_mem_gen_prim_wrapper_s3adsp_init.vhd 2014/04/11.19:45:31 O.40d
EN blk_mem_gen_v6_1/blk_mem_gen_prim_wrapper_s3adsp_init 1397263560 \
      FL C:/Users/Ayoosh/Documents/GitHub/forbidden_architecture/MMU/Emma_ROM/tmp/./_cg/_dbg/./blk_mem_gen_v6_1/blk_mem_gen_prim_wrapper_s3adsp_init.vhd \
      PB ieee/std_logic_1164 1296775758 PB ieee/STD_LOGIC_UNSIGNED 1296775760 \
      PB ieee/std_logic_arith 1296775759 PB std/TEXTIO 1296775758 \
      LB blk_mem_gen_v6_1 LB UNISIM PH unisim/VCOMPONENTS 1296775759 \
      PH blk_mem_gen_v6_1/blk_mem_gen_v6_1_defaults 1397263543 \
      PB blk_mem_gen_v6_1/blk_mem_gen_pkg 1397263545 \
      PB blk_mem_gen_v6_1/blk_mem_gen_getinit_pkg 1397263547
AR blk_mem_gen_v6_1/blk_mem_gen_prim_wrapper_s3adsp_init/xilinx 1397263561 \
      FL C:/Users/Ayoosh/Documents/GitHub/forbidden_architecture/MMU/Emma_ROM/tmp/./_cg/_dbg/./blk_mem_gen_v6_1/blk_mem_gen_prim_wrapper_s3adsp_init.vhd \
      EN blk_mem_gen_v6_1/blk_mem_gen_prim_wrapper_s3adsp_init 1397263560 \
      CP RAMB16BWER PB ieee/STD_LOGIC_TEXTIO 1296775759
FL C:/Users/Ayoosh/Documents/GitHub/forbidden_architecture/MMU/Emma_ROM/tmp/./_cg/_dbg/./blk_mem_gen_v6_1/blk_mem_gen_prim_wrapper_s3a_init.vhd 2014/04/11.19:45:31 O.40d
EN blk_mem_gen_v6_1/blk_mem_gen_prim_wrapper_s3a_init 1397263564 \
      FL C:/Users/Ayoosh/Documents/GitHub/forbidden_architecture/MMU/Emma_ROM/tmp/./_cg/_dbg/./blk_mem_gen_v6_1/blk_mem_gen_prim_wrapper_s3a_init.vhd \
      PB ieee/std_logic_1164 1296775758 PB ieee/STD_LOGIC_UNSIGNED 1296775760 \
      PB ieee/std_logic_arith 1296775759 PB std/TEXTIO 1296775758 \
      LB blk_mem_gen_v6_1 LB UNISIM PH unisim/VCOMPONENTS 1296775759 \
      PH blk_mem_gen_v6_1/blk_mem_gen_v6_1_defaults 1397263543 \
      PB blk_mem_gen_v6_1/blk_mem_gen_pkg 1397263545 \
      PB blk_mem_gen_v6_1/blk_mem_gen_getinit_pkg 1397263547
AR blk_mem_gen_v6_1/blk_mem_gen_prim_wrapper_s3a_init/xilinx 1397263565 \
      FL C:/Users/Ayoosh/Documents/GitHub/forbidden_architecture/MMU/Emma_ROM/tmp/./_cg/_dbg/./blk_mem_gen_v6_1/blk_mem_gen_prim_wrapper_s3a_init.vhd \
      EN blk_mem_gen_v6_1/blk_mem_gen_prim_wrapper_s3a_init 1397263564 \
      CP RAMB16BWE PB ieee/STD_LOGIC_TEXTIO 1296775759
FL C:/Users/Ayoosh/Documents/GitHub/forbidden_architecture/MMU/Emma_ROM/tmp/./_cg/_dbg/./blk_mem_gen_v6_1/blk_mem_gen_prim_wrapper_s3_init.vhd 2014/04/11.19:45:32 O.40d
EN blk_mem_gen_v6_1/blk_mem_gen_prim_wrapper_s3_init 1397263580 \
      FL C:/Users/Ayoosh/Documents/GitHub/forbidden_architecture/MMU/Emma_ROM/tmp/./_cg/_dbg/./blk_mem_gen_v6_1/blk_mem_gen_prim_wrapper_s3_init.vhd \
      PB ieee/std_logic_1164 1296775758 PB ieee/STD_LOGIC_UNSIGNED 1296775760 \
      PB ieee/std_logic_arith 1296775759 PB std/TEXTIO 1296775758 \
      LB blk_mem_gen_v6_1 LB UNISIM PH unisim/VCOMPONENTS 1296775759 \
      PH blk_mem_gen_v6_1/blk_mem_gen_v6_1_defaults 1397263543 \
      PB blk_mem_gen_v6_1/blk_mem_gen_pkg 1397263545 \
      PB blk_mem_gen_v6_1/blk_mem_gen_getinit_pkg 1397263547
AR blk_mem_gen_v6_1/blk_mem_gen_prim_wrapper_s3_init/xilinx 1397263581 \
      FL C:/Users/Ayoosh/Documents/GitHub/forbidden_architecture/MMU/Emma_ROM/tmp/./_cg/_dbg/./blk_mem_gen_v6_1/blk_mem_gen_prim_wrapper_s3_init.vhd \
      EN blk_mem_gen_v6_1/blk_mem_gen_prim_wrapper_s3_init 1397263580 \
      CP RAMB16_S1_S1 CP RAMB16_S1_S2 CP RAMB16_S1_S4 CP RAMB16_S1_S9 \
      CP RAMB16_S1_S18 CP RAMB16_S1_S36 CP RAMB16_S2_S2 CP RAMB16_S2_S4 \
      CP RAMB16_S2_S9 CP RAMB16_S2_S18 CP RAMB16_S2_S36 CP RAMB16_S4_S4 \
      CP RAMB16_S4_S9 CP RAMB16_S4_S18 CP RAMB16_S4_S36 CP RAMB16_S9_S9 \
      CP RAMB16_S9_S18 CP RAMB16_S9_S36 CP RAMB16_S18_S18 CP RAMB16_S18_S36 \
      CP RAMB16_S36_S36 PB ieee/STD_LOGIC_TEXTIO 1296775759
FL C:/Users/Ayoosh/Documents/GitHub/forbidden_architecture/MMU/Emma_ROM/tmp/./_cg/_dbg/./blk_mem_gen_v6_1/blk_mem_gen_prim_wrapper_s6.vhd 2014/04/11.19:45:31 O.40d
EN blk_mem_gen_v6_1/blk_mem_gen_prim_wrapper_s6 1397263554 \
      FL C:/Users/Ayoosh/Documents/GitHub/forbidden_architecture/MMU/Emma_ROM/tmp/./_cg/_dbg/./blk_mem_gen_v6_1/blk_mem_gen_prim_wrapper_s6.vhd \
      PB ieee/std_logic_1164 1296775758 PB ieee/STD_LOGIC_UNSIGNED 1296775760 \
      PB ieee/std_logic_arith 1296775759 PB std/TEXTIO 1296775758 \
      LB blk_mem_gen_v6_1 LB UNISIM PH unisim/VCOMPONENTS 1296775759 \
      PH blk_mem_gen_v6_1/blk_mem_gen_v6_1_defaults 1397263543 \
      PB blk_mem_gen_v6_1/blk_mem_gen_pkg 1397263545 \
      PB blk_mem_gen_v6_1/blk_mem_gen_getinit_pkg 1397263547
AR blk_mem_gen_v6_1/blk_mem_gen_prim_wrapper_s6/xilinx 1397263555 \
      FL C:/Users/Ayoosh/Documents/GitHub/forbidden_architecture/MMU/Emma_ROM/tmp/./_cg/_dbg/./blk_mem_gen_v6_1/blk_mem_gen_prim_wrapper_s6.vhd \
      EN blk_mem_gen_v6_1/blk_mem_gen_prim_wrapper_s6 1397263554 CP RAMB8BWER \
      CP BIT_VECTOR CP RAMB16BWER PB ieee/STD_LOGIC_TEXTIO 1296775759
FL C:/Users/Ayoosh/Documents/GitHub/forbidden_architecture/MMU/Emma_ROM/tmp/./_cg/_dbg/./blk_mem_gen_v6_1/blk_mem_gen_prim_wrapper_s6_init.vhd 2014/04/11.19:45:31 O.40d
EN blk_mem_gen_v6_1/blk_mem_gen_prim_wrapper_s6_init 1397263556 \
      FL C:/Users/Ayoosh/Documents/GitHub/forbidden_architecture/MMU/Emma_ROM/tmp/./_cg/_dbg/./blk_mem_gen_v6_1/blk_mem_gen_prim_wrapper_s6_init.vhd \
      PB ieee/std_logic_1164 1296775758 PB ieee/STD_LOGIC_UNSIGNED 1296775760 \
      PB ieee/std_logic_arith 1296775759 PB std/TEXTIO 1296775758 \
      LB blk_mem_gen_v6_1 LB UNISIM PH unisim/VCOMPONENTS 1296775759 \
      PH blk_mem_gen_v6_1/blk_mem_gen_v6_1_defaults 1397263543 \
      PB blk_mem_gen_v6_1/blk_mem_gen_pkg 1397263545 \
      PB blk_mem_gen_v6_1/blk_mem_gen_getinit_pkg 1397263547
AR blk_mem_gen_v6_1/blk_mem_gen_prim_wrapper_s6_init/xilinx 1397263557 \
      FL C:/Users/Ayoosh/Documents/GitHub/forbidden_architecture/MMU/Emma_ROM/tmp/./_cg/_dbg/./blk_mem_gen_v6_1/blk_mem_gen_prim_wrapper_s6_init.vhd \
      EN blk_mem_gen_v6_1/blk_mem_gen_prim_wrapper_s6_init 1397263556 \
      CP RAMB8BWER CP BIT_VECTOR CP RAMB16BWER PB ieee/STD_LOGIC_TEXTIO 1296775759
FL C:/Users/Ayoosh/Documents/GitHub/forbidden_architecture/MMU/Emma_ROM/tmp/./_cg/_dbg/./blk_mem_gen_v6_1/blk_mem_gen_prim_wrapper_v4.vhd 2014/04/11.19:45:32 O.40d
EN blk_mem_gen_v6_1/blk_mem_gen_prim_wrapper_v4 1397263574 \
      FL C:/Users/Ayoosh/Documents/GitHub/forbidden_architecture/MMU/Emma_ROM/tmp/./_cg/_dbg/./blk_mem_gen_v6_1/blk_mem_gen_prim_wrapper_v4.vhd \
      PB ieee/std_logic_1164 1296775758 PB ieee/STD_LOGIC_UNSIGNED 1296775760 \
      PB ieee/std_logic_arith 1296775759 PB std/TEXTIO 1296775758 \
      LB blk_mem_gen_v6_1 LB UNISIM PH unisim/VCOMPONENTS 1296775759 \
      PH blk_mem_gen_v6_1/blk_mem_gen_v6_1_defaults 1397263543 \
      PB blk_mem_gen_v6_1/blk_mem_gen_pkg 1397263545 \
      PB blk_mem_gen_v6_1/blk_mem_gen_getinit_pkg 1397263547
AR blk_mem_gen_v6_1/blk_mem_gen_prim_wrapper_v4/xilinx 1397263575 \
      FL C:/Users/Ayoosh/Documents/GitHub/forbidden_architecture/MMU/Emma_ROM/tmp/./_cg/_dbg/./blk_mem_gen_v6_1/blk_mem_gen_prim_wrapper_v4.vhd \
      EN blk_mem_gen_v6_1/blk_mem_gen_prim_wrapper_v4 1397263574 CP BIT_VECTOR \
      CP RAMB16 PB ieee/STD_LOGIC_TEXTIO 1296775759
FL C:/Users/Ayoosh/Documents/GitHub/forbidden_architecture/MMU/Emma_ROM/tmp/./_cg/_dbg/./blk_mem_gen_v6_1/blk_mem_gen_prim_wrapper_v4_init.vhd 2014/04/11.19:45:32 O.40d
EN blk_mem_gen_v6_1/blk_mem_gen_prim_wrapper_v4_init 1397263576 \
      FL C:/Users/Ayoosh/Documents/GitHub/forbidden_architecture/MMU/Emma_ROM/tmp/./_cg/_dbg/./blk_mem_gen_v6_1/blk_mem_gen_prim_wrapper_v4_init.vhd \
      PB ieee/std_logic_1164 1296775758 PB ieee/STD_LOGIC_UNSIGNED 1296775760 \
      PB ieee/std_logic_arith 1296775759 PB std/TEXTIO 1296775758 \
      LB blk_mem_gen_v6_1 LB UNISIM PH unisim/VCOMPONENTS 1296775759 \
      PH blk_mem_gen_v6_1/blk_mem_gen_v6_1_defaults 1397263543 \
      PB blk_mem_gen_v6_1/blk_mem_gen_pkg 1397263545 \
      PB blk_mem_gen_v6_1/blk_mem_gen_getinit_pkg 1397263547
AR blk_mem_gen_v6_1/blk_mem_gen_prim_wrapper_v4_init/xilinx 1397263577 \
      FL C:/Users/Ayoosh/Documents/GitHub/forbidden_architecture/MMU/Emma_ROM/tmp/./_cg/_dbg/./blk_mem_gen_v6_1/blk_mem_gen_prim_wrapper_v4_init.vhd \
      EN blk_mem_gen_v6_1/blk_mem_gen_prim_wrapper_v4_init 1397263576 \
      CP BIT_VECTOR CP RAMB16 PB ieee/STD_LOGIC_TEXTIO 1296775759
FL C:/Users/Ayoosh/Documents/GitHub/forbidden_architecture/MMU/Emma_ROM/tmp/./_cg/_dbg/./blk_mem_gen_v6_1/blk_mem_gen_prim_wrapper_v5.vhd 2014/04/11.19:45:32 O.40d
EN blk_mem_gen_v6_1/blk_mem_gen_prim_wrapper_v5 1397263570 \
      FL C:/Users/Ayoosh/Documents/GitHub/forbidden_architecture/MMU/Emma_ROM/tmp/./_cg/_dbg/./blk_mem_gen_v6_1/blk_mem_gen_prim_wrapper_v5.vhd \
      PB ieee/std_logic_1164 1296775758 PB ieee/STD_LOGIC_UNSIGNED 1296775760 \
      PB ieee/std_logic_arith 1296775759 PB std/TEXTIO 1296775758 \
      LB blk_mem_gen_v6_1 LB UNISIM PH unisim/VCOMPONENTS 1296775759 \
      PH blk_mem_gen_v6_1/blk_mem_gen_v6_1_defaults 1397263543 \
      PB blk_mem_gen_v6_1/blk_mem_gen_pkg 1397263545 \
      PB blk_mem_gen_v6_1/blk_mem_gen_getinit_pkg 1397263547
AR blk_mem_gen_v6_1/blk_mem_gen_prim_wrapper_v5/xilinx 1397263571 \
      FL C:/Users/Ayoosh/Documents/GitHub/forbidden_architecture/MMU/Emma_ROM/tmp/./_cg/_dbg/./blk_mem_gen_v6_1/blk_mem_gen_prim_wrapper_v5.vhd \
      EN blk_mem_gen_v6_1/blk_mem_gen_prim_wrapper_v5 1397263570 CP RAMB18 \
      CP RAMB36 CP BIT_VECTOR CP RAMB36SDP CP RAMB18SDP PB ieee/STD_LOGIC_TEXTIO 1296775759
FL C:/Users/Ayoosh/Documents/GitHub/forbidden_architecture/MMU/Emma_ROM/tmp/./_cg/_dbg/./blk_mem_gen_v6_1/blk_mem_gen_prim_wrapper_v5_init.vhd 2014/04/11.19:45:32 O.40d
EN blk_mem_gen_v6_1/blk_mem_gen_prim_wrapper_v5_init 1397263572 \
      FL C:/Users/Ayoosh/Documents/GitHub/forbidden_architecture/MMU/Emma_ROM/tmp/./_cg/_dbg/./blk_mem_gen_v6_1/blk_mem_gen_prim_wrapper_v5_init.vhd \
      PB ieee/std_logic_1164 1296775758 PB ieee/STD_LOGIC_UNSIGNED 1296775760 \
      PB ieee/std_logic_arith 1296775759 PB std/TEXTIO 1296775758 \
      LB blk_mem_gen_v6_1 LB UNISIM PH unisim/VCOMPONENTS 1296775759 \
      PH blk_mem_gen_v6_1/blk_mem_gen_v6_1_defaults 1397263543 \
      PB blk_mem_gen_v6_1/blk_mem_gen_pkg 1397263545 \
      PB blk_mem_gen_v6_1/blk_mem_gen_getinit_pkg 1397263547
AR blk_mem_gen_v6_1/blk_mem_gen_prim_wrapper_v5_init/xilinx 1397263573 \
      FL C:/Users/Ayoosh/Documents/GitHub/forbidden_architecture/MMU/Emma_ROM/tmp/./_cg/_dbg/./blk_mem_gen_v6_1/blk_mem_gen_prim_wrapper_v5_init.vhd \
      EN blk_mem_gen_v6_1/blk_mem_gen_prim_wrapper_v5_init 1397263572 CP RAMB18 \
      CP RAMB36 CP BIT_VECTOR CP RAMB36SDP CP RAMB18SDP PB ieee/STD_LOGIC_TEXTIO 1296775759
FL C:/Users/Ayoosh/Documents/GitHub/forbidden_architecture/MMU/Emma_ROM/tmp/./_cg/_dbg/./blk_mem_gen_v6_1/blk_mem_gen_prim_wrapper_v6.vhd 2014/04/11.19:45:31 O.40d
EN blk_mem_gen_v6_1/blk_mem_gen_prim_wrapper_v6 1397263566 \
      FL C:/Users/Ayoosh/Documents/GitHub/forbidden_architecture/MMU/Emma_ROM/tmp/./_cg/_dbg/./blk_mem_gen_v6_1/blk_mem_gen_prim_wrapper_v6.vhd \
      PB ieee/std_logic_1164 1296775758 PB ieee/STD_LOGIC_UNSIGNED 1296775760 \
      PB ieee/std_logic_arith 1296775759 PB std/TEXTIO 1296775758 \
      LB blk_mem_gen_v6_1 LB UNISIM PH unisim/VCOMPONENTS 1296775759 \
      PH blk_mem_gen_v6_1/blk_mem_gen_v6_1_defaults 1397263543 \
      PB blk_mem_gen_v6_1/blk_mem_gen_pkg 1397263545 \
      PB blk_mem_gen_v6_1/blk_mem_gen_getinit_pkg 1397263547
AR blk_mem_gen_v6_1/blk_mem_gen_prim_wrapper_v6/xilinx 1397263567 \
      FL C:/Users/Ayoosh/Documents/GitHub/forbidden_architecture/MMU/Emma_ROM/tmp/./_cg/_dbg/./blk_mem_gen_v6_1/blk_mem_gen_prim_wrapper_v6.vhd \
      EN blk_mem_gen_v6_1/blk_mem_gen_prim_wrapper_v6 1397263566 CP RAMB18E1 \
      CP RAMB36E1 PB ieee/STD_LOGIC_TEXTIO 1296775759
FL C:/Users/Ayoosh/Documents/GitHub/forbidden_architecture/MMU/Emma_ROM/tmp/./_cg/_dbg/./blk_mem_gen_v6_1/blk_mem_gen_prim_wrapper_v6_init.vhd 2014/04/11.19:45:32 O.40d
EN blk_mem_gen_v6_1/blk_mem_gen_prim_wrapper_v6_init 1397263568 \
      FL C:/Users/Ayoosh/Documents/GitHub/forbidden_architecture/MMU/Emma_ROM/tmp/./_cg/_dbg/./blk_mem_gen_v6_1/blk_mem_gen_prim_wrapper_v6_init.vhd \
      PB ieee/std_logic_1164 1296775758 PB ieee/STD_LOGIC_UNSIGNED 1296775760 \
      PB ieee/std_logic_arith 1296775759 PB std/TEXTIO 1296775758 \
      LB blk_mem_gen_v6_1 LB UNISIM PH unisim/VCOMPONENTS 1296775759 \
      PH blk_mem_gen_v6_1/blk_mem_gen_v6_1_defaults 1397263543 \
      PB blk_mem_gen_v6_1/blk_mem_gen_pkg 1397263545 \
      PB blk_mem_gen_v6_1/blk_mem_gen_getinit_pkg 1397263547
AR blk_mem_gen_v6_1/blk_mem_gen_prim_wrapper_v6_init/xilinx 1397263569 \
      FL C:/Users/Ayoosh/Documents/GitHub/forbidden_architecture/MMU/Emma_ROM/tmp/./_cg/_dbg/./blk_mem_gen_v6_1/blk_mem_gen_prim_wrapper_v6_init.vhd \
      EN blk_mem_gen_v6_1/blk_mem_gen_prim_wrapper_v6_init 1397263568 CP RAMB18E1 \
      CP RAMB36E1 PB ieee/STD_LOGIC_TEXTIO 1296775759
FL C:/Users/Ayoosh/Documents/GitHub/forbidden_architecture/MMU/Emma_ROM/tmp/./_cg/_dbg/./blk_mem_gen_v6_1/blk_mem_gen_top.vhd 2014/04/11.19:45:32 O.40d
EN blk_mem_gen_v6_1/blk_mem_gen_top 1397263602 \
      FL C:/Users/Ayoosh/Documents/GitHub/forbidden_architecture/MMU/Emma_ROM/tmp/./_cg/_dbg/./blk_mem_gen_v6_1/blk_mem_gen_top.vhd \
      PB ieee/std_logic_1164 1296775758 PB ieee/std_logic_arith 1296775759 \
      PB ieee/STD_LOGIC_UNSIGNED 1296775760 LB blk_mem_gen_v6_1 LB STD \
      PB std/TEXTIO 1296775758 PH blk_mem_gen_v6_1/blk_mem_gen_v6_1_defaults 1397263543 \
      PB blk_mem_gen_v6_1/blk_mem_gen_pkg 1397263545 \
      PB blk_mem_gen_v6_1/blk_mem_min_area_pkg 1397263549
AR blk_mem_gen_v6_1/blk_mem_gen_top/xilinx 1397263603 \
      FL C:/Users/Ayoosh/Documents/GitHub/forbidden_architecture/MMU/Emma_ROM/tmp/./_cg/_dbg/./blk_mem_gen_v6_1/blk_mem_gen_top.vhd \
      EN blk_mem_gen_v6_1/blk_mem_gen_top 1397263602 \
      CP blk_mem_gen_v6_1/blk_mem_input_block \
      CP blk_mem_gen_v6_1/blk_mem_gen_generic_cstr \
      CP blk_mem_gen_v6_1/blk_mem_output_block
FL C:/Users/Ayoosh/Documents/GitHub/forbidden_architecture/MMU/Emma_ROM/tmp/./_cg/_dbg/./blk_mem_gen_v6_1/blk_mem_gen_v6_1.vhd 2014/04/11.19:45:32 O.40d
EN blk_mem_gen_v6_1/blk_mem_gen_v6_1 1397263606 \
      FL C:/Users/Ayoosh/Documents/GitHub/forbidden_architecture/MMU/Emma_ROM/tmp/./_cg/_dbg/./blk_mem_gen_v6_1/blk_mem_gen_v6_1.vhd \
      PB ieee/std_logic_1164 1296775758 LB blk_mem_gen_v6_1
AR blk_mem_gen_v6_1/blk_mem_gen_v6_1/xilinx 1397263607 \
      FL C:/Users/Ayoosh/Documents/GitHub/forbidden_architecture/MMU/Emma_ROM/tmp/./_cg/_dbg/./blk_mem_gen_v6_1/blk_mem_gen_v6_1.vhd \
      EN blk_mem_gen_v6_1/blk_mem_gen_v6_1 1397263606 CP blk_mem_gen_v6_1_xst
FL C:/Users/Ayoosh/Documents/GitHub/forbidden_architecture/MMU/Emma_ROM/tmp/./_cg/_dbg/./blk_mem_gen_v6_1/blk_mem_gen_v6_1_defaults.vhd 2014/04/11.19:45:31 O.40d
PH blk_mem_gen_v6_1/blk_mem_gen_v6_1_defaults 1397263543 \
      FL C:/Users/Ayoosh/Documents/GitHub/forbidden_architecture/MMU/Emma_ROM/tmp/./_cg/_dbg/./blk_mem_gen_v6_1/blk_mem_gen_v6_1_defaults.vhd \
      PB ieee/std_logic_1164 1296775758
FL C:/Users/Ayoosh/Documents/GitHub/forbidden_architecture/MMU/Emma_ROM/tmp/./_cg/_dbg/./blk_mem_gen_v6_1/blk_mem_gen_v6_1_pkg.vhd 2014/04/11.19:45:31 O.40d
PH blk_mem_gen_v6_1/blk_mem_gen_pkg 1397263544 \
      FL C:/Users/Ayoosh/Documents/GitHub/forbidden_architecture/MMU/Emma_ROM/tmp/./_cg/_dbg/./blk_mem_gen_v6_1/blk_mem_gen_v6_1_pkg.vhd \
      PB ieee/std_logic_1164 1296775758 PB ieee/std_logic_arith 1296775759 \
      PB ieee/STD_LOGIC_UNSIGNED 1296775760 LB blk_mem_gen_v6_1 \
      PH blk_mem_gen_v6_1/blk_mem_gen_v6_1_defaults 1397263543
PB blk_mem_gen_v6_1/blk_mem_gen_pkg 1397263545 \
      FL C:/Users/Ayoosh/Documents/GitHub/forbidden_architecture/MMU/Emma_ROM/tmp/./_cg/_dbg/./blk_mem_gen_v6_1/blk_mem_gen_v6_1_pkg.vhd \
      PH blk_mem_gen_v6_1/blk_mem_gen_pkg 1397263544
FL C:/Users/Ayoosh/Documents/GitHub/forbidden_architecture/MMU/Emma_ROM/tmp/./_cg/_dbg/./blk_mem_gen_v6_1/blk_mem_gen_v6_1_xst.vhd 2014/04/11.19:45:32 O.40d
EN blk_mem_gen_v6_1/blk_mem_gen_v6_1_xst 1397263604 \
      FL C:/Users/Ayoosh/Documents/GitHub/forbidden_architecture/MMU/Emma_ROM/tmp/./_cg/_dbg/./blk_mem_gen_v6_1/blk_mem_gen_v6_1_xst.vhd \
      PB ieee/std_logic_1164 1296775758 LB STD PB std/TEXTIO 1296775758 \
      LB blk_mem_gen_v6_1 PB blk_mem_gen_v6_1/blk_mem_gen_pkg 1397263545
AR blk_mem_gen_v6_1/blk_mem_gen_v6_1_xst/xilinx 1397263605 \
      FL C:/Users/Ayoosh/Documents/GitHub/forbidden_architecture/MMU/Emma_ROM/tmp/./_cg/_dbg/./blk_mem_gen_v6_1/blk_mem_gen_v6_1_xst.vhd \
      EN blk_mem_gen_v6_1/blk_mem_gen_v6_1_xst 1397263604 \
      CP blk_mem_gen_v6_1/blk_mem_gen_top CP STD_LOGIC_VECTOR CP STD_LOGIC \
      CP integer CP blk_mem_gen_v6_1/blk_mem_axi_write_wrapper \
      CP blk_mem_gen_v6_1/blk_mem_axi_read_wrapper
FL C:/Users/Ayoosh/Documents/GitHub/forbidden_architecture/MMU/Emma_ROM/tmp/./_cg/_dbg/./blk_mem_gen_v6_1/blk_mem_gen_v6_1_xst_comp.vhd 2014/04/11.19:45:31 O.40d
PH blk_mem_gen_v6_1/blk_mem_gen_v6_1_xst_comp 1397263542 \
      FL C:/Users/Ayoosh/Documents/GitHub/forbidden_architecture/MMU/Emma_ROM/tmp/./_cg/_dbg/./blk_mem_gen_v6_1/blk_mem_gen_v6_1_xst_comp.vhd \
      LB STD PB std/TEXTIO 1296775758 PB ieee/std_logic_1164 1296775758 \
      PB ieee/std_logic_arith 1296775759 PB ieee/STD_LOGIC_UNSIGNED 1296775760 \
      CD blk_mem_gen_v6_1_xst
FL C:/Users/Ayoosh/Documents/GitHub/forbidden_architecture/MMU/Emma_ROM/tmp/./_cg/_dbg/./blk_mem_gen_v6_1/blk_mem_input_block.vhd 2014/04/11.19:45:32 O.40d
EN blk_mem_gen_v6_1/blk_mem_input_block 1397263590 \
      FL C:/Users/Ayoosh/Documents/GitHub/forbidden_architecture/MMU/Emma_ROM/tmp/./_cg/_dbg/./blk_mem_gen_v6_1/blk_mem_input_block.vhd \
      PB ieee/std_logic_1164 1296775758 PB ieee/std_logic_arith 1296775759 \
      PB ieee/STD_LOGIC_UNSIGNED 1296775760 LB blk_mem_gen_v6_1 \
      PH blk_mem_gen_v6_1/blk_mem_gen_v6_1_defaults 1397263543 \
      PB blk_mem_gen_v6_1/blk_mem_gen_pkg 1397263545
AR blk_mem_gen_v6_1/blk_mem_input_block/xilinx 1397263591 \
      FL C:/Users/Ayoosh/Documents/GitHub/forbidden_architecture/MMU/Emma_ROM/tmp/./_cg/_dbg/./blk_mem_gen_v6_1/blk_mem_input_block.vhd \
      EN blk_mem_gen_v6_1/blk_mem_input_block 1397263590 CP STD_LOGIC_VECTOR \
      CP blk_mem_gen_v6_1/blk_mem_gen_ecc_encoder
FL C:/Users/Ayoosh/Documents/GitHub/forbidden_architecture/MMU/Emma_ROM/tmp/./_cg/_dbg/./blk_mem_gen_v6_1/blk_mem_min_area_pkg.vhd 2014/04/11.19:45:31 O.40d
PH blk_mem_gen_v6_1/blk_mem_min_area_pkg 1397263548 \
      FL C:/Users/Ayoosh/Documents/GitHub/forbidden_architecture/MMU/Emma_ROM/tmp/./_cg/_dbg/./blk_mem_gen_v6_1/blk_mem_min_area_pkg.vhd \
      PB ieee/std_logic_1164 1296775758 LB STD PB std/TEXTIO 1296775758 \
      LB blk_mem_gen_v6_1 PH blk_mem_gen_v6_1/blk_mem_gen_v6_1_defaults 1397263543
PB blk_mem_gen_v6_1/blk_mem_min_area_pkg 1397263549 \
      FL C:/Users/Ayoosh/Documents/GitHub/forbidden_architecture/MMU/Emma_ROM/tmp/./_cg/_dbg/./blk_mem_gen_v6_1/blk_mem_min_area_pkg.vhd \
      PH blk_mem_gen_v6_1/blk_mem_min_area_pkg 1397263548
FL C:/Users/Ayoosh/Documents/GitHub/forbidden_architecture/MMU/Emma_ROM/tmp/./_cg/_dbg/./blk_mem_gen_v6_1/blk_mem_output_block.vhd 2014/04/11.19:45:32 O.40d
EN blk_mem_gen_v6_1/blk_mem_output_block 1397263592 \
      FL C:/Users/Ayoosh/Documents/GitHub/forbidden_architecture/MMU/Emma_ROM/tmp/./_cg/_dbg/./blk_mem_gen_v6_1/blk_mem_output_block.vhd \
      PB ieee/std_logic_1164 1296775758 PB ieee/std_logic_arith 1296775759 \
      PB ieee/STD_LOGIC_UNSIGNED 1296775760 LB blk_mem_gen_v6_1 \
      PH blk_mem_gen_v6_1/blk_mem_gen_v6_1_defaults 1397263543 \
      PB blk_mem_gen_v6_1/blk_mem_gen_pkg 1397263545
AR blk_mem_gen_v6_1/blk_mem_output_block/xilinx 1397263593 \
      FL C:/Users/Ayoosh/Documents/GitHub/forbidden_architecture/MMU/Emma_ROM/tmp/./_cg/_dbg/./blk_mem_gen_v6_1/blk_mem_output_block.vhd \
      EN blk_mem_gen_v6_1/blk_mem_output_block 1397263592 \
      CP blk_mem_gen_v6_1/blk_mem_gen_ecc_decoder
